[gemini.google.com/app/7b3bc6260f6d9034fef7.html]
[www.gstatic.com/lamda/images/gemini_sparkle_v002_d4735304ff6292a690345.svg]
[www.gstatic.com/lamda/images/gemini_favicon_f069958c85030456e93de685481c559f160ea06b.png]
[www.gstatic.com/lamda/images/gemini_home_icon_8d62f72e7aae54b6859f1.png]
[www.google.com/index.html]
[ogads-pa.clients6.google.com/index.html]
[www.gstatic.com/_/mss/boq-bard-web/_/js/k=boq-bard-web.BardChatUi.en.cMEGh1-lqkU.es5.O/am=BwBc_GegfDAgAwQ/d=1/excm=_b/ed=1/dg=0/wt=2/ujg=1/rs=AL3bBk0x0z3eND7M9oHZ3iUhuHefvihclA/m=_b]
[backblue.gif]
[fade.gif]
[index.html]
[ssl.gstatic.com/ui/v1/dialog/close-x.png]
[gemini.google.com/gci_91f30755d6a6b787dcc2a4062e6e9824.a.delayed]
[www.googletagmanager.com/gtm6bd2.js]
[ssl.gstatic.com/gb/images/bar/al-icon.png]
[gemini.google.com/app/7b3bc6260f6d9034fef7.html]
[www.gstatic.com/index.html]
[www.google.com/images/branding/googlelogo/1x/googlelogo_white_background_color_272x92dp.png]
[www.google.com/index.html]
[lh3.googleusercontent.com/index.html]
[waa-pa.clients6.google.com/index.html]
[ogads-pa.clients6.google.com/index.html]
[www.googletagmanager.com/index.html]
[fonts.googleapis.com/css22bdc.css]
[gemini.google.com/index.html]
[www.gstatic.com/lamda/images/gemini_favicon_f069958c85030456e93de685481c559f160ea06b.png]
[www.gstatic.com/lamda/images/gemini_home_icon_8d62f72e7aae54b6859f1.png]
[www.gstatic.com/external_hosted/katex/dist/fonts/KaTeX_AMS-Regular.woff2]
[ssl.gstatic.com/ui/v1/dialog/close-x.png]
[www.gstatic.com/external_hosted/katex/dist/fonts/KaTeX_AMS-Regular.woff]
[www.gstatic.com/_/mss/boq-bard-web/_/js/k=boq-bard-web.BardChatUi.en.cMEGh1-lqkU.es5.O/am=BwBc_GegfDAgAwQ/d=1/excm=_b/ed=1/dg=0/wt=2/ujg=1/rs=AL3bBk0x0z3eND7M9oHZ3iUhuHefvihclA/m=_b]
[www.googletagmanager.com/gtm6bd2.js]
[ssl.gstatic.com/gb/images/bar/al-icon.png]
[www.gstatic.com/external_hosted/katex/dist/fonts/KaTeX_AMS-Regular.woff2]
[www.gstatic.com/external_hosted/katex/dist/fonts/KaTeX_AMS-Regular.ttf]
[www.gstatic.com/external_hosted/katex/dist/fonts/KaTeX_Caligraphic-Bold.woff2]
[www.gstatic.com/external_hosted/katex/dist/fonts/KaTeX_AMS-Regular.woff]
[www.gstatic.com/external_hosted/katex/dist/fonts/KaTeX_Caligraphic-Bold.woff2]
[www.gstatic.com/external_hosted/katex/dist/fonts/KaTeX_Caligraphic-Bold.woff]
[www.gstatic.com/external_hosted/katex/dist/fonts/KaTeX_Caligraphic-Bold.ttf]
[www.gstatic.com/external_hosted/katex/dist/fonts/KaTeX_Caligraphic-Regular.woff2]
[www.gstatic.com/external_hosted/katex/dist/fonts/KaTeX_Caligraphic-Regular.woff]
[www.gstatic.com/external_hosted/katex/dist/fonts/KaTeX_Caligraphic-Regular.ttf]
[www.gstatic.com/external_hosted/katex/dist/fonts/KaTeX_Fraktur-Bold.woff2]
[www.gstatic.com/external_hosted/katex/dist/fonts/KaTeX_Fraktur-Bold.woff]
[www.gstatic.com/external_hosted/katex/dist/fonts/KaTeX_Fraktur-Bold.ttf]
[www.gstatic.com/external_hosted/katex/dist/fonts/KaTeX_Fraktur-Regular.woff2]
[www.gstatic.com/external_hosted/katex/dist/fonts/KaTeX_Fraktur-Regular.woff]
[www.gstatic.com/external_hosted/katex/dist/fonts/KaTeX_Fraktur-Regular.woff]
[www.gstatic.com/external_hosted/katex/dist/fonts/KaTeX_Fraktur-Regular.ttf]
[www.gstatic.com/external_hosted/katex/dist/fonts/KaTeX_Main-Bold.woff2]
[www.gstatic.com/external_hosted/katex/dist/fonts/KaTeX_Main-Bold.woff]
[www.gstatic.com/external_hosted/katex/dist/fonts/KaTeX_Main-Bold.ttf]
[www.gstatic.com/external_hosted/katex/dist/fonts/KaTeX_Main-BoldItalic.woff2]
[www.gstatic.com/external_hosted/katex/dist/fonts/KaTeX_Main-BoldItalic.woff]
[www.gstatic.com/external_hosted/katex/dist/fonts/KaTeX_Main-BoldItalic.ttf]
[www.gstatic.com/external_hosted/katex/dist/fonts/KaTeX_Main-Italic.woff2]
[www.gstatic.com/external_hosted/katex/dist/fonts/KaTeX_Main-Italic.woff]
[www.gstatic.com/external_hosted/katex/dist/fonts/KaTeX_Main-Italic.woff]
[www.gstatic.com/external_hosted/katex/dist/fonts/KaTeX_Main-Italic.ttf]
[www.gstatic.com/external_hosted/katex/dist/fonts/KaTeX_Main-Regular.woff2]
[www.gstatic.com/external_hosted/katex/dist/fonts/KaTeX_Main-Regular.woff]
[www.gstatic.com/external_hosted/katex/dist/fonts/KaTeX_Main-Regular.woff2]
[www.gstatic.com/external_hosted/katex/dist/fonts/KaTeX_Main-Regular.ttf]
[www.gstatic.com/external_hosted/katex/dist/fonts/KaTeX_Math-BoldItalic.woff2]
[www.gstatic.com/external_hosted/katex/dist/fonts/KaTeX_Math-BoldItalic.woff]
[www.gstatic.com/external_hosted/katex/dist/fonts/KaTeX_Math-BoldItalic.ttf]
[www.gstatic.com/external_hosted/katex/dist/fonts/KaTeX_Math-Italic.woff2]
[www.gstatic.com/external_hosted/katex/dist/fonts/KaTeX_Math-Italic.woff2]
[www.gstatic.com/external_hosted/katex/dist/fonts/KaTeX_Math-Italic.woff]
[www.gstatic.com/external_hosted/katex/dist/fonts/KaTeX_Math-Italic.ttf]
[www.gstatic.com/external_hosted/katex/dist/fonts/KaTeX_SansSerif-Bold.woff2]
[www.gstatic.com/external_hosted/katex/dist/fonts/KaTeX_SansSerif-Bold.woff2]
[www.gstatic.com/external_hosted/katex/dist/fonts/KaTeX_SansSerif-Bold.woff]
[www.gstatic.com/external_hosted/katex/dist/fonts/KaTeX_SansSerif-Bold.ttf]
[www.gstatic.com/external_hosted/katex/dist/fonts/KaTeX_SansSerif-Italic.woff2]
[www.gstatic.com/external_hosted/katex/dist/fonts/KaTeX_SansSerif-Italic.woff]
[www.gstatic.com/external_hosted/katex/dist/fonts/KaTeX_SansSerif-Italic.ttf]
[www.gstatic.com/external_hosted/katex/dist/fonts/KaTeX_SansSerif-Regular.woff2]
[www.gstatic.com/external_hosted/katex/dist/fonts/KaTeX_SansSerif-Regular.woff]
[www.gstatic.com/external_hosted/katex/dist/fonts/KaTeX_SansSerif-Regular.ttf]
[www.gstatic.com/external_hosted/katex/dist/fonts/KaTeX_Script-Regular.woff2]
[www.gstatic.com/external_hosted/katex/dist/fonts/KaTeX_Script-Regular.woff]
[www.gstatic.com/external_hosted/katex/dist/fonts/KaTeX_Script-Regular.ttf]
[www.gstatic.com/external_hosted/katex/dist/fonts/KaTeX_Size1-Regular.woff2]
[www.gstatic.com/external_hosted/katex/dist/fonts/KaTeX_Size1-Regular.woff]
[www.gstatic.com/external_hosted/katex/dist/fonts/KaTeX_Size1-Regular.ttf]
[www.gstatic.com/external_hosted/katex/dist/fonts/KaTeX_Size2-Regular.woff2]
[www.gstatic.com/external_hosted/katex/dist/fonts/KaTeX_Size2-Regular.woff]
[www.gstatic.com/external_hosted/katex/dist/fonts/KaTeX_Size2-Regular.ttf]
[www.gstatic.com/external_hosted/katex/dist/fonts/KaTeX_Size3-Regular.woff2]
[www.gstatic.com/external_hosted/katex/dist/fonts/KaTeX_Size3-Regular.woff]
[www.gstatic.com/external_hosted/katex/dist/fonts/KaTeX_Size3-Regular.ttf]
[www.gstatic.com/external_hosted/katex/dist/fonts/KaTeX_Size4-Regular.woff2]
[www.gstatic.com/external_hosted/katex/dist/fonts/KaTeX_Size4-Regular.woff]
[www.gstatic.com/external_hosted/katex/dist/fonts/KaTeX_Size4-Regular.ttf]
[www.gstatic.com/external_hosted/katex/dist/fonts/KaTeX_Typewriter-Regular.woff2]
[www.gstatic.com/external_hosted/katex/dist/fonts/KaTeX_Typewriter-Regular.woff]
[www.gstatic.com/external_hosted/katex/dist/katex.min.css]
[www.gstatic.com/external_hosted/quill/quill.bubble.css]
[www.gstatic.com/lamda/images/gemini_sparkle_v002_d4735304ff6292a690345.svg]
[www.gstatic.com/external_hosted/katex/dist/fonts/KaTeX_Typewriter-Regular.ttf]
[gemini.google.com/gci_91f30755d6a6b787dcc2a4062e6e9824.html]
[gemini.google.com/index.html]
